Analysis & Synthesis report for Relogio
Mon Oct  7 22:49:43 2019
Quartus Prime Version 18.1.0 Build 625 09/12/2018 SJ Standard Edition


---------------------
; Table of Contents ;
---------------------
  1. Legal Notice
  2. Analysis & Synthesis Summary
  3. Analysis & Synthesis Settings
  4. Parallel Compilation
  5. Analysis & Synthesis Source Files Read
  6. Analysis & Synthesis Resource Usage Summary
  7. Analysis & Synthesis Resource Utilization by Entity
  8. General Register Statistics
  9. Parameter Settings for User Entity Instance: Top-level Entity: |relogio
 10. Parameter Settings for User Entity Instance: IO_T:IO_TEST
 11. Parameter Settings for User Entity Instance: IO_T:IO_TEST|divisorGenerico:TEMPO_SEG
 12. Parameter Settings for User Entity Instance: MUX:MUX_ULA
 13. Parameter Settings for User Entity Instance: memoria:ROM
 14. Parameter Settings for User Entity Instance: MUX:MUX_PC
 15. Parameter Settings for User Entity Instance: ADDER:ADDER
 16. Parameter Settings for User Entity Instance: SUBADDER:SUBADDER
 17. Parameter Settings for User Entity Instance: registradorGenerico:REG_SEG
 18. Parameter Settings for User Entity Instance: registradorGenerico:REG_MIN
 19. Parameter Settings for User Entity Instance: registradorGenerico:REG_MIN_DEC
 20. Parameter Settings for User Entity Instance: registradorGenerico:REG_HORA
 21. Parameter Settings for User Entity Instance: registradorGenerico:REG_TEMPO
 22. Parameter Settings for User Entity Instance: registradorGenerico:PC
 23. Port Connectivity Checks: "registradorGenerico:PC"
 24. Port Connectivity Checks: "ADDER:ADDER"
 25. Port Connectivity Checks: "memoria:ROM"
 26. Port Connectivity Checks: "MUX:MUX_ULA"
 27. Port Connectivity Checks: "IO_T:IO_TEST|conversorHex7Seg:HEX_X"
 28. Port Connectivity Checks: "IO_T:IO_TEST"
 29. Post-Synthesis Netlist Statistics for Top Partition
 30. Elapsed Time Per Partition
 31. Analysis & Synthesis Messages



----------------
; Legal Notice ;
----------------
Copyright (C) 2018  Intel Corporation. All rights reserved.
Your use of Intel Corporation's design tools, logic functions 
and other software and tools, and its AMPP partner logic 
functions, and any output files from any of the foregoing 
(including device programming or simulation files), and any 
associated documentation or information are expressly subject 
to the terms and conditions of the Intel Program License 
Subscription Agreement, the Intel Quartus Prime License Agreement,
the Intel FPGA IP License Agreement, or other applicable license
agreement, including, without limitation, that your use is for
the sole purpose of programming logic devices manufactured by
Intel and sold by Intel or its authorized distributors.  Please
refer to the applicable agreement for further details.



+--------------------------------------------------------------------------------------+
; Analysis & Synthesis Summary                                                         ;
+------------------------------------+-------------------------------------------------+
; Analysis & Synthesis Status        ; Successful - Mon Oct  7 22:49:43 2019           ;
; Quartus Prime Version              ; 18.1.0 Build 625 09/12/2018 SJ Standard Edition ;
; Revision Name                      ; Relogio                                         ;
; Top-level Entity Name              ; relogio                                         ;
; Family                             ; Cyclone IV E                                    ;
; Total logic elements               ; 0                                               ;
;     Total combinational functions  ; 0                                               ;
;     Dedicated logic registers      ; 0                                               ;
; Total registers                    ; 0                                               ;
; Total pins                         ; 120                                             ;
; Total virtual pins                 ; 0                                               ;
; Total memory bits                  ; 0                                               ;
; Embedded Multiplier 9-bit elements ; 0                                               ;
; Total PLLs                         ; 0                                               ;
+------------------------------------+-------------------------------------------------+


+------------------------------------------------------------------------------------------------------------+
; Analysis & Synthesis Settings                                                                              ;
+------------------------------------------------------------------+--------------------+--------------------+
; Option                                                           ; Setting            ; Default Value      ;
+------------------------------------------------------------------+--------------------+--------------------+
; Device                                                           ; EP4CE115F29C7      ;                    ;
; Top-level entity name                                            ; relogio            ; Relogio            ;
; Family name                                                      ; Cyclone IV E       ; Cyclone V          ;
; VHDL Show LMF Mapping Messages                                   ; Off                ;                    ;
; VHDL Version                                                     ; VHDL_2008          ; VHDL_1993          ;
; Use smart compilation                                            ; Off                ; Off                ;
; Enable parallel Assembler and Timing Analyzer during compilation ; On                 ; On                 ;
; Enable compact report table                                      ; Off                ; Off                ;
; Restructure Multiplexers                                         ; Auto               ; Auto               ;
; Create Debugging Nodes for IP Cores                              ; Off                ; Off                ;
; Preserve fewer node names                                        ; On                 ; On                 ;
; Intel FPGA IP Evaluation Mode                                    ; Enable             ; Enable             ;
; Verilog Version                                                  ; Verilog_2001       ; Verilog_2001       ;
; State Machine Processing                                         ; Auto               ; Auto               ;
; Safe State Machine                                               ; Off                ; Off                ;
; Extract Verilog State Machines                                   ; On                 ; On                 ;
; Extract VHDL State Machines                                      ; On                 ; On                 ;
; Ignore Verilog initial constructs                                ; Off                ; Off                ;
; Iteration limit for constant Verilog loops                       ; 5000               ; 5000               ;
; Iteration limit for non-constant Verilog loops                   ; 250                ; 250                ;
; Add Pass-Through Logic to Inferred RAMs                          ; On                 ; On                 ;
; Infer RAMs from Raw Logic                                        ; On                 ; On                 ;
; Parallel Synthesis                                               ; On                 ; On                 ;
; DSP Block Balancing                                              ; Auto               ; Auto               ;
; NOT Gate Push-Back                                               ; On                 ; On                 ;
; Power-Up Don't Care                                              ; On                 ; On                 ;
; Remove Redundant Logic Cells                                     ; Off                ; Off                ;
; Remove Duplicate Registers                                       ; On                 ; On                 ;
; Ignore CARRY Buffers                                             ; Off                ; Off                ;
; Ignore CASCADE Buffers                                           ; Off                ; Off                ;
; Ignore GLOBAL Buffers                                            ; Off                ; Off                ;
; Ignore ROW GLOBAL Buffers                                        ; Off                ; Off                ;
; Ignore LCELL Buffers                                             ; Off                ; Off                ;
; Ignore SOFT Buffers                                              ; On                 ; On                 ;
; Limit AHDL Integers to 32 Bits                                   ; Off                ; Off                ;
; Optimization Technique                                           ; Balanced           ; Balanced           ;
; Carry Chain Length                                               ; 70                 ; 70                 ;
; Auto Carry Chains                                                ; On                 ; On                 ;
; Auto Open-Drain Pins                                             ; On                 ; On                 ;
; Perform WYSIWYG Primitive Resynthesis                            ; Off                ; Off                ;
; Auto ROM Replacement                                             ; On                 ; On                 ;
; Auto RAM Replacement                                             ; On                 ; On                 ;
; Auto DSP Block Replacement                                       ; On                 ; On                 ;
; Auto Shift Register Replacement                                  ; Auto               ; Auto               ;
; Allow Shift Register Merging across Hierarchies                  ; Auto               ; Auto               ;
; Auto Clock Enable Replacement                                    ; On                 ; On                 ;
; Strict RAM Replacement                                           ; Off                ; Off                ;
; Allow Synchronous Control Signals                                ; On                 ; On                 ;
; Force Use of Synchronous Clear Signals                           ; Off                ; Off                ;
; Auto RAM Block Balancing                                         ; On                 ; On                 ;
; Auto RAM to Logic Cell Conversion                                ; Off                ; Off                ;
; Auto Resource Sharing                                            ; Off                ; Off                ;
; Allow Any RAM Size For Recognition                               ; Off                ; Off                ;
; Allow Any ROM Size For Recognition                               ; Off                ; Off                ;
; Allow Any Shift Register Size For Recognition                    ; Off                ; Off                ;
; Use LogicLock Constraints during Resource Balancing              ; On                 ; On                 ;
; Ignore translate_off and synthesis_off directives                ; Off                ; Off                ;
; Timing-Driven Synthesis                                          ; On                 ; On                 ;
; Report Parameter Settings                                        ; On                 ; On                 ;
; Report Source Assignments                                        ; On                 ; On                 ;
; Report Connectivity Checks                                       ; On                 ; On                 ;
; Ignore Maximum Fan-Out Assignments                               ; Off                ; Off                ;
; Synchronization Register Chain Length                            ; 2                  ; 2                  ;
; Power Optimization During Synthesis                              ; Normal compilation ; Normal compilation ;
; HDL message level                                                ; Level2             ; Level2             ;
; Suppress Register Optimization Related Messages                  ; Off                ; Off                ;
; Number of Removed Registers Reported in Synthesis Report         ; 5000               ; 5000               ;
; Number of Swept Nodes Reported in Synthesis Report               ; 5000               ; 5000               ;
; Number of Inverted Registers Reported in Synthesis Report        ; 100                ; 100                ;
; Clock MUX Protection                                             ; On                 ; On                 ;
; Auto Gated Clock Conversion                                      ; Off                ; Off                ;
; Block Design Naming                                              ; Auto               ; Auto               ;
; SDC constraint protection                                        ; Off                ; Off                ;
; Synthesis Effort                                                 ; Auto               ; Auto               ;
; Shift Register Replacement - Allow Asynchronous Clear Signal     ; On                 ; On                 ;
; Pre-Mapping Resynthesis Optimization                             ; Off                ; Off                ;
; Analysis & Synthesis Message Level                               ; Medium             ; Medium             ;
; Disable Register Merging Across Hierarchies                      ; Auto               ; Auto               ;
; Resource Aware Inference For Block RAM                           ; On                 ; On                 ;
+------------------------------------------------------------------+--------------------+--------------------+


+------------------------------------------+
; Parallel Compilation                     ;
+----------------------------+-------------+
; Processors                 ; Number      ;
+----------------------------+-------------+
; Number detected on machine ; 8           ;
; Maximum allowed            ; 4           ;
;                            ;             ;
; Average used               ; 1.00        ;
; Maximum used               ; 1           ;
;                            ;             ;
; Usage by Processor         ; % Time Used ;
;     Processor 1            ; 100.0%      ;
+----------------------------+-------------+


+-------------------------------------------------------------------------------------------------------------------------------------------------------------------+
; Analysis & Synthesis Source Files Read                                                                                                                            ;
+-----------------------------------+-----------------+-----------------+---------------------------------------------------------------------------------+---------+
; File Name with User-Entered Path  ; Used in Netlist ; File Type       ; File Name with Absolute Path                                                    ; Library ;
+-----------------------------------+-----------------+-----------------+---------------------------------------------------------------------------------+---------+
; relogio.vhd                       ; yes             ; User VHDL File  ; /home/bruno/Documents/Insper/DesComp/Relog-io/relogio.vhd                       ;         ;
; registradorGenerico.vhd           ; yes             ; User VHDL File  ; /home/bruno/Documents/Insper/DesComp/Relog-io/registradorGenerico.vhd           ;         ;
; MUX.vhd                           ; yes             ; User VHDL File  ; /home/bruno/Documents/Insper/DesComp/Relog-io/MUX.vhd                           ;         ;
; ADDER.vhd                         ; yes             ; User VHDL File  ; /home/bruno/Documents/Insper/DesComp/Relog-io/ADDER.vhd                         ;         ;
; IO_T.vhd                          ; yes             ; User VHDL File  ; /home/bruno/Documents/Insper/DesComp/Relog-io/IO_T.vhd                          ;         ;
; SUBADDER.vhd                      ; yes             ; User VHDL File  ; /home/bruno/Documents/Insper/DesComp/Relog-io/SUBADDER.vhd                      ;         ;
; divisorGenerico.vhd               ; yes             ; User VHDL File  ; /home/bruno/Documents/Insper/DesComp/Relog-io/divisorGenerico.vhd               ;         ;
; memoria.vhd                       ; yes             ; User VHDL File  ; /home/bruno/Documents/Insper/DesComp/Relog-io/memoria.vhd                       ;         ;
; output_files/conversorHex7Seg.vhd ; yes             ; User VHDL File  ; /home/bruno/Documents/Insper/DesComp/Relog-io/output_files/conversorHex7Seg.vhd ;         ;
+-----------------------------------+-----------------+-----------------+---------------------------------------------------------------------------------+---------+


+-----------------------------------------------------+
; Analysis & Synthesis Resource Usage Summary         ;
+---------------------------------------------+-------+
; Resource                                    ; Usage ;
+---------------------------------------------+-------+
;                                             ;       ;
; Total combinational functions               ; 0     ;
; Logic element usage by number of LUT inputs ;       ;
;     -- 4 input functions                    ; 0     ;
;     -- 3 input functions                    ; 0     ;
;     -- <=2 input functions                  ; 0     ;
;                                             ;       ;
; Logic elements by mode                      ;       ;
;     -- normal mode                          ; 0     ;
;     -- arithmetic mode                      ; 0     ;
;                                             ;       ;
; Total registers                             ; 0     ;
;     -- Dedicated logic registers            ; 0     ;
;     -- I/O registers                        ; 0     ;
;                                             ;       ;
; I/O pins                                    ; 120   ;
;                                             ;       ;
; Embedded Multiplier 9-bit elements          ; 0     ;
;                                             ;       ;
; Maximum fan-out node                        ; reset ;
; Maximum fan-out                             ; 1     ;
; Total fan-out                               ; 120   ;
; Average fan-out                             ; 0.50  ;
+---------------------------------------------+-------+


+----------------------------------------------------------------------------------------------------------------------------------------------------------------------------------------------------------+
; Analysis & Synthesis Resource Utilization by Entity                                                                                                                                                      ;
+----------------------------+---------------------+---------------------------+-------------+--------------+---------+-----------+------+--------------+---------------------+-------------+--------------+
; Compilation Hierarchy Node ; Combinational ALUTs ; Dedicated Logic Registers ; Memory Bits ; DSP Elements ; DSP 9x9 ; DSP 18x18 ; Pins ; Virtual Pins ; Full Hierarchy Name ; Entity Name ; Library Name ;
+----------------------------+---------------------+---------------------------+-------------+--------------+---------+-----------+------+--------------+---------------------+-------------+--------------+
; |relogio                   ; 0 (0)               ; 0 (0)                     ; 0           ; 0            ; 0       ; 0         ; 120  ; 0            ; |relogio            ; relogio     ; work         ;
+----------------------------+---------------------+---------------------------+-------------+--------------+---------+-----------+------+--------------+---------------------+-------------+--------------+
Note: For table entries with two numbers listed, the numbers in parentheses indicate the number of resources of the given type used by the specific entity alone. The numbers listed outside of parentheses indicate the total resources of the given type used by the specific entity and all of its sub-entities in the hierarchy.


+------------------------------------------------------+
; General Register Statistics                          ;
+----------------------------------------------+-------+
; Statistic                                    ; Value ;
+----------------------------------------------+-------+
; Total registers                              ; 0     ;
; Number of registers using Synchronous Clear  ; 0     ;
; Number of registers using Synchronous Load   ; 0     ;
; Number of registers using Asynchronous Clear ; 0     ;
; Number of registers using Asynchronous Load  ; 0     ;
; Number of registers using Clock Enable       ; 0     ;
; Number of registers using Preset             ; 0     ;
+----------------------------------------------+-------+


+-------------------------------------------------------------------------+
; Parameter Settings for User Entity Instance: Top-level Entity: |relogio ;
+----------------------------+-------+------------------------------------+
; Parameter Name             ; Value ; Type                               ;
+----------------------------+-------+------------------------------------+
; larguraBarramentoEnderecos ; 8     ; Signed Integer                     ;
; larguraBarramentoDados     ; 8     ; Signed Integer                     ;
; quantidadeLedsRed          ; 18    ; Signed Integer                     ;
; quantidadeLedsGreen        ; 8     ; Signed Integer                     ;
; quantidadeChaves           ; 18    ; Signed Integer                     ;
; quantidadeBotoes           ; 4     ; Signed Integer                     ;
; quantidadeDisplays         ; 8     ; Signed Integer                     ;
+----------------------------+-------+------------------------------------+
Note: In order to hide this table in the UI and the text report file, please set the "Show Parameter Settings in Synthesis Report" option in "Analysis and Synthesis Settings -> More Settings" to "Off".


+-----------------------------------------------------------+
; Parameter Settings for User Entity Instance: IO_T:IO_TEST ;
+----------------+-------+----------------------------------+
; Parameter Name ; Value ; Type                             ;
+----------------+-------+----------------------------------+
; datawidth      ; 9     ; Signed Integer                   ;
; addrwidth      ; 3     ; Signed Integer                   ;
+----------------+-------+----------------------------------+
Note: In order to hide this table in the UI and the text report file, please set the "Show Parameter Settings in Synthesis Report" option in "Analysis and Synthesis Settings -> More Settings" to "Off".


+-------------------------------------------------------------------------------------+
; Parameter Settings for User Entity Instance: IO_T:IO_TEST|divisorGenerico:TEMPO_SEG ;
+----------------+-------+------------------------------------------------------------+
; Parameter Name ; Value ; Type                                                       ;
+----------------+-------+------------------------------------------------------------+
; divisor        ; 8     ; Signed Integer                                             ;
+----------------+-------+------------------------------------------------------------+
Note: In order to hide this table in the UI and the text report file, please set the "Show Parameter Settings in Synthesis Report" option in "Analysis and Synthesis Settings -> More Settings" to "Off".


+----------------------------------------------------------+
; Parameter Settings for User Entity Instance: MUX:MUX_ULA ;
+----------------+-------+---------------------------------+
; Parameter Name ; Value ; Type                            ;
+----------------+-------+---------------------------------+
; larguradados   ; 9     ; Signed Integer                  ;
+----------------+-------+---------------------------------+
Note: In order to hide this table in the UI and the text report file, please set the "Show Parameter Settings in Synthesis Report" option in "Analysis and Synthesis Settings -> More Settings" to "Off".


+----------------------------------------------------------+
; Parameter Settings for User Entity Instance: memoria:ROM ;
+----------------+-------+---------------------------------+
; Parameter Name ; Value ; Type                            ;
+----------------+-------+---------------------------------+
; datawidth      ; 16    ; Signed Integer                  ;
; addrwidth      ; 9     ; Signed Integer                  ;
+----------------+-------+---------------------------------+
Note: In order to hide this table in the UI and the text report file, please set the "Show Parameter Settings in Synthesis Report" option in "Analysis and Synthesis Settings -> More Settings" to "Off".


+---------------------------------------------------------+
; Parameter Settings for User Entity Instance: MUX:MUX_PC ;
+----------------+-------+--------------------------------+
; Parameter Name ; Value ; Type                           ;
+----------------+-------+--------------------------------+
; larguradados   ; 9     ; Signed Integer                 ;
+----------------+-------+--------------------------------+
Note: In order to hide this table in the UI and the text report file, please set the "Show Parameter Settings in Synthesis Report" option in "Analysis and Synthesis Settings -> More Settings" to "Off".


+----------------------------------------------------------+
; Parameter Settings for User Entity Instance: ADDER:ADDER ;
+----------------+-------+---------------------------------+
; Parameter Name ; Value ; Type                            ;
+----------------+-------+---------------------------------+
; n              ; 9     ; Signed Integer                  ;
+----------------+-------+---------------------------------+
Note: In order to hide this table in the UI and the text report file, please set the "Show Parameter Settings in Synthesis Report" option in "Analysis and Synthesis Settings -> More Settings" to "Off".


+----------------------------------------------------------------+
; Parameter Settings for User Entity Instance: SUBADDER:SUBADDER ;
+----------------+-------+---------------------------------------+
; Parameter Name ; Value ; Type                                  ;
+----------------+-------+---------------------------------------+
; n              ; 9     ; Signed Integer                        ;
+----------------+-------+---------------------------------------+
Note: In order to hide this table in the UI and the text report file, please set the "Show Parameter Settings in Synthesis Report" option in "Analysis and Synthesis Settings -> More Settings" to "Off".


+--------------------------------------------------------------------------+
; Parameter Settings for User Entity Instance: registradorGenerico:REG_SEG ;
+----------------+-------+-------------------------------------------------+
; Parameter Name ; Value ; Type                                            ;
+----------------+-------+-------------------------------------------------+
; larguradados   ; 9     ; Signed Integer                                  ;
+----------------+-------+-------------------------------------------------+
Note: In order to hide this table in the UI and the text report file, please set the "Show Parameter Settings in Synthesis Report" option in "Analysis and Synthesis Settings -> More Settings" to "Off".


+--------------------------------------------------------------------------+
; Parameter Settings for User Entity Instance: registradorGenerico:REG_MIN ;
+----------------+-------+-------------------------------------------------+
; Parameter Name ; Value ; Type                                            ;
+----------------+-------+-------------------------------------------------+
; larguradados   ; 9     ; Signed Integer                                  ;
+----------------+-------+-------------------------------------------------+
Note: In order to hide this table in the UI and the text report file, please set the "Show Parameter Settings in Synthesis Report" option in "Analysis and Synthesis Settings -> More Settings" to "Off".


+------------------------------------------------------------------------------+
; Parameter Settings for User Entity Instance: registradorGenerico:REG_MIN_DEC ;
+----------------+-------+-----------------------------------------------------+
; Parameter Name ; Value ; Type                                                ;
+----------------+-------+-----------------------------------------------------+
; larguradados   ; 9     ; Signed Integer                                      ;
+----------------+-------+-----------------------------------------------------+
Note: In order to hide this table in the UI and the text report file, please set the "Show Parameter Settings in Synthesis Report" option in "Analysis and Synthesis Settings -> More Settings" to "Off".


+---------------------------------------------------------------------------+
; Parameter Settings for User Entity Instance: registradorGenerico:REG_HORA ;
+----------------+-------+--------------------------------------------------+
; Parameter Name ; Value ; Type                                             ;
+----------------+-------+--------------------------------------------------+
; larguradados   ; 9     ; Signed Integer                                   ;
+----------------+-------+--------------------------------------------------+
Note: In order to hide this table in the UI and the text report file, please set the "Show Parameter Settings in Synthesis Report" option in "Analysis and Synthesis Settings -> More Settings" to "Off".


+----------------------------------------------------------------------------+
; Parameter Settings for User Entity Instance: registradorGenerico:REG_TEMPO ;
+----------------+-------+---------------------------------------------------+
; Parameter Name ; Value ; Type                                              ;
+----------------+-------+---------------------------------------------------+
; larguradados   ; 9     ; Signed Integer                                    ;
+----------------+-------+---------------------------------------------------+
Note: In order to hide this table in the UI and the text report file, please set the "Show Parameter Settings in Synthesis Report" option in "Analysis and Synthesis Settings -> More Settings" to "Off".


+---------------------------------------------------------------------+
; Parameter Settings for User Entity Instance: registradorGenerico:PC ;
+----------------+-------+--------------------------------------------+
; Parameter Name ; Value ; Type                                       ;
+----------------+-------+--------------------------------------------+
; larguradados   ; 9     ; Signed Integer                             ;
+----------------+-------+--------------------------------------------+
Note: In order to hide this table in the UI and the text report file, please set the "Show Parameter Settings in Synthesis Report" option in "Analysis and Synthesis Settings -> More Settings" to "Off".


+----------------------------------------------------+
; Port Connectivity Checks: "registradorGenerico:PC" ;
+--------+-------+----------+------------------------+
; Port   ; Type  ; Severity ; Details                ;
+--------+-------+----------+------------------------+
; enable ; Input ; Info     ; Stuck at VCC           ;
; rst    ; Input ; Info     ; Stuck at GND           ;
+--------+-------+----------+------------------------+


+-------------------------------------------------------------------------------------------------------------------+
; Port Connectivity Checks: "ADDER:ADDER"                                                                           ;
+---------+--------+----------+-------------------------------------------------------------------------------------+
; Port    ; Type   ; Severity ; Details                                                                             ;
+---------+--------+----------+-------------------------------------------------------------------------------------+
; a[8..1] ; Input  ; Info     ; Stuck at GND                                                                        ;
; a[0]    ; Input  ; Info     ; Stuck at VCC                                                                        ;
; carry   ; Output ; Info     ; Connected to dangling logic. Logic that only feeds a dangling port will be removed. ;
+---------+--------+----------+-------------------------------------------------------------------------------------+


+--------------------------------------------------------------------------------------------------------------------+
; Port Connectivity Checks: "memoria:ROM"                                                                            ;
+----------+--------+----------+-------------------------------------------------------------------------------------+
; Port     ; Type   ; Severity ; Details                                                                             ;
+----------+--------+----------+-------------------------------------------------------------------------------------+
; dado[15] ; Output ; Info     ; Connected to dangling logic. Logic that only feeds a dangling port will be removed. ;
+----------+--------+----------+-------------------------------------------------------------------------------------+


+-------------------------------------------------------------------------------------------------------------------+
; Port Connectivity Checks: "MUX:MUX_ULA"                                                                           ;
+---------+--------+----------+-------------------------------------------------------------------------------------+
; Port    ; Type   ; Severity ; Details                                                                             ;
+---------+--------+----------+-------------------------------------------------------------------------------------+
; mux_out ; Output ; Info     ; Connected to dangling logic. Logic that only feeds a dangling port will be removed. ;
+---------+--------+----------+-------------------------------------------------------------------------------------+


+---------------------------------------------------------------------------------------------------------------------+
; Port Connectivity Checks: "IO_T:IO_TEST|conversorHex7Seg:HEX_X"                                                     ;
+-----------+--------+----------+-------------------------------------------------------------------------------------+
; Port      ; Type   ; Severity ; Details                                                                             ;
+-----------+--------+----------+-------------------------------------------------------------------------------------+
; apaga     ; Input  ; Info     ; Stuck at GND                                                                        ;
; negativo  ; Input  ; Info     ; Stuck at GND                                                                        ;
; overflow  ; Input  ; Info     ; Stuck at GND                                                                        ;
; saida7seg ; Output ; Info     ; Connected to dangling logic. Logic that only feeds a dangling port will be removed. ;
+-----------+--------+----------+-------------------------------------------------------------------------------------+


+-------------------------------------------------------------------------------------------------------------------------+
; Port Connectivity Checks: "IO_T:IO_TEST"                                                                                ;
+---------------+--------+----------+-------------------------------------------------------------------------------------+
; Port          ; Type   ; Severity ; Details                                                                             ;
+---------------+--------+----------+-------------------------------------------------------------------------------------+
; enable        ; Input  ; Info     ; Stuck at VCC                                                                        ;
; mode          ; Input  ; Info     ; Stuck at VCC                                                                        ;
; io_addr[2]    ; Input  ; Info     ; Stuck at GND                                                                        ;
; io_addr[1]    ; Input  ; Info     ; Stuck at VCC                                                                        ;
; io_addr[0]    ; Input  ; Info     ; Stuck at GND                                                                        ;
; data[8..1]    ; Input  ; Info     ; Stuck at GND                                                                        ;
; data[0]       ; Input  ; Info     ; Stuck at VCC                                                                        ;
; displays_7seg ; Output ; Info     ; Connected to dangling logic. Logic that only feeds a dangling port will be removed. ;
+---------------+--------+----------+-------------------------------------------------------------------------------------+


+-----------------------------------------------------+
; Post-Synthesis Netlist Statistics for Top Partition ;
+-----------------------+-----------------------------+
; Type                  ; Count                       ;
+-----------------------+-----------------------------+
; boundary_port         ; 120                         ;
; cycloneiii_lcell_comb ; 2                           ;
;     normal            ; 2                           ;
;         0 data inputs ; 2                           ;
;                       ;                             ;
; Max LUT depth         ; 0.00                        ;
; Average LUT depth     ; 0.00                        ;
+-----------------------+-----------------------------+


+-------------------------------+
; Elapsed Time Per Partition    ;
+----------------+--------------+
; Partition Name ; Elapsed Time ;
+----------------+--------------+
; Top            ; 00:00:00     ;
+----------------+--------------+


+-------------------------------+
; Analysis & Synthesis Messages ;
+-------------------------------+
Info: *******************************************************************
Info: Running Quartus Prime Analysis & Synthesis
    Info: Version 18.1.0 Build 625 09/12/2018 SJ Standard Edition
    Info: Processing started: Mon Oct  7 22:49:34 2019
Info: Command: quartus_map --read_settings_files=on --write_settings_files=off Relogio -c Relogio
Warning (18236): Number of processors has not been specified which may cause overloading on shared machines.  Set the global assignment NUM_PARALLEL_PROCESSORS in your QSF to an appropriate value for best performance.
Info (20030): Parallel compilation is enabled and will use 4 of the 4 processors detected
Warning (12019): Can't analyze file -- file relogio_new.vhdl is missing
Info (12021): Found 2 design units, including 1 entities, in source file bancoRegistradores.vhd
    Info (12022): Found design unit 1: bancoRegistradores-comportamento File: /home/bruno/Documents/Insper/DesComp/Relog-io/bancoRegistradores.vhd Line: 30
    Info (12023): Found entity 1: bancoRegistradores File: /home/bruno/Documents/Insper/DesComp/Relog-io/bancoRegistradores.vhd Line: 7
Warning (12019): Can't analyze file -- file relogio.vhdl is missing
Info (12021): Found 2 design units, including 1 entities, in source file relogio.vhd
    Info (12022): Found design unit 1: relogio-arch File: /home/bruno/Documents/Insper/DesComp/Relog-io/relogio.vhd Line: 41
    Info (12023): Found entity 1: relogio File: /home/bruno/Documents/Insper/DesComp/Relog-io/relogio.vhd Line: 5
Info (12021): Found 2 design units, including 1 entities, in source file registradorGenerico.vhd
    Info (12022): Found design unit 1: registradorGenerico-comportamento File: /home/bruno/Documents/Insper/DesComp/Relog-io/registradorGenerico.vhd Line: 16
    Info (12023): Found entity 1: registradorGenerico File: /home/bruno/Documents/Insper/DesComp/Relog-io/registradorGenerico.vhd Line: 5
Warning (12090): Entity "MUX" obtained from "MUX.vhd" instead of from Quartus Prime megafunction library File: /home/bruno/Documents/Insper/DesComp/Relog-io/MUX.vhd Line: 5
Info (12021): Found 2 design units, including 1 entities, in source file MUX.vhd
    Info (12022): Found design unit 1: MUX-comportamento File: /home/bruno/Documents/Insper/DesComp/Relog-io/MUX.vhd Line: 19
    Info (12023): Found entity 1: MUX File: /home/bruno/Documents/Insper/DesComp/Relog-io/MUX.vhd Line: 5
Info (12021): Found 2 design units, including 1 entities, in source file romMif.vhd
    Info (12022): Found design unit 1: romMif-initFileROM File: /home/bruno/Documents/Insper/DesComp/Relog-io/romMif.vhd Line: 19
    Info (12023): Found entity 1: romMif File: /home/bruno/Documents/Insper/DesComp/Relog-io/romMif.vhd Line: 5
Info (12021): Found 2 design units, including 1 entities, in source file ADDER.vhd
    Info (12022): Found design unit 1: ADDER-behv File: /home/bruno/Documents/Insper/DesComp/Relog-io/ADDER.vhd Line: 21
    Info (12023): Found entity 1: ADDER File: /home/bruno/Documents/Insper/DesComp/Relog-io/ADDER.vhd Line: 8
Info (12021): Found 2 design units, including 1 entities, in source file IO_T.vhd
    Info (12022): Found design unit 1: IO_T-behv File: /home/bruno/Documents/Insper/DesComp/Relog-io/IO_T.vhd Line: 31
    Info (12023): Found entity 1: IO_T File: /home/bruno/Documents/Insper/DesComp/Relog-io/IO_T.vhd Line: 8
Info (12021): Found 2 design units, including 1 entities, in source file SUBADDER.vhd
    Info (12022): Found design unit 1: SUBADDER-behv File: /home/bruno/Documents/Insper/DesComp/Relog-io/SUBADDER.vhd Line: 23
    Info (12023): Found entity 1: SUBADDER File: /home/bruno/Documents/Insper/DesComp/Relog-io/SUBADDER.vhd Line: 8
Info (12021): Found 2 design units, including 1 entities, in source file divisorGenerico.vhd
    Info (12022): Found design unit 1: divisorGenerico-divInteiro File: /home/bruno/Documents/Insper/DesComp/Relog-io/divisorGenerico.vhd Line: 15
    Info (12023): Found entity 1: divisorGenerico File: /home/bruno/Documents/Insper/DesComp/Relog-io/divisorGenerico.vhd Line: 6
Info (12021): Found 2 design units, including 1 entities, in source file memoria.vhd
    Info (12022): Found design unit 1: memoria-assincrona File: /home/bruno/Documents/Insper/DesComp/Relog-io/memoria.vhd Line: 17
    Info (12023): Found entity 1: memoria File: /home/bruno/Documents/Insper/DesComp/Relog-io/memoria.vhd Line: 6
Info (12021): Found 2 design units, including 1 entities, in source file output_files/conversorHex7Seg.vhd
    Info (12022): Found design unit 1: conversorHex7Seg-comportamento File: /home/bruno/Documents/Insper/DesComp/Relog-io/output_files/conversorHex7Seg.vhd Line: 18
    Info (12023): Found entity 1: conversorHex7Seg File: /home/bruno/Documents/Insper/DesComp/Relog-io/output_files/conversorHex7Seg.vhd Line: 5
Info (12127): Elaborating entity "relogio" for the top level hierarchy
Warning (10541): VHDL Signal Declaration warning at relogio.vhd(20): used implicit default value for signal "fpga_led_pio" because signal was never assigned a value or an explicit default value. Use of implicit default value may introduce unintended design optimizations. File: /home/bruno/Documents/Insper/DesComp/Relog-io/relogio.vhd Line: 20
Warning (10541): VHDL Signal Declaration warning at relogio.vhd(21): used implicit default value for signal "led" because signal was never assigned a value or an explicit default value. Use of implicit default value may introduce unintended design optimizations. File: /home/bruno/Documents/Insper/DesComp/Relog-io/relogio.vhd Line: 21
Warning (10541): VHDL Signal Declaration warning at relogio.vhd(30): used implicit default value for signal "LEDR" because signal was never assigned a value or an explicit default value. Use of implicit default value may introduce unintended design optimizations. File: /home/bruno/Documents/Insper/DesComp/Relog-io/relogio.vhd Line: 30
Warning (10541): VHDL Signal Declaration warning at relogio.vhd(31): used implicit default value for signal "LEDG" because signal was never assigned a value or an explicit default value. Use of implicit default value may introduce unintended design optimizations. File: /home/bruno/Documents/Insper/DesComp/Relog-io/relogio.vhd Line: 31
Warning (10036): Verilog HDL or VHDL warning at relogio.vhd(43): object "in_ulaa" assigned a value but never read File: /home/bruno/Documents/Insper/DesComp/Relog-io/relogio.vhd Line: 43
Warning (10036): Verilog HDL or VHDL warning at relogio.vhd(43): object "in_io" assigned a value but never read File: /home/bruno/Documents/Insper/DesComp/Relog-io/relogio.vhd Line: 43
Warning (10541): VHDL Signal Declaration warning at relogio.vhd(44): used implicit default value for signal "reset_reg" because signal was never assigned a value or an explicit default value. Use of implicit default value may introduce unintended design optimizations. File: /home/bruno/Documents/Insper/DesComp/Relog-io/relogio.vhd Line: 44
Warning (10036): Verilog HDL or VHDL warning at relogio.vhd(44): object "carry" assigned a value but never read File: /home/bruno/Documents/Insper/DesComp/Relog-io/relogio.vhd Line: 44
Warning (10036): Verilog HDL or VHDL warning at relogio.vhd(44): object "enable_io" assigned a value but never read File: /home/bruno/Documents/Insper/DesComp/Relog-io/relogio.vhd Line: 44
Warning (10036): Verilog HDL or VHDL warning at relogio.vhd(45): object "io_address" assigned a value but never read File: /home/bruno/Documents/Insper/DesComp/Relog-io/relogio.vhd Line: 45
Warning (10036): Verilog HDL or VHDL warning at relogio.vhd(47): object "display_7seg" assigned a value but never read File: /home/bruno/Documents/Insper/DesComp/Relog-io/relogio.vhd Line: 47
Warning (10492): VHDL Process Statement warning at relogio.vhd(64): signal "op_ula" is read inside the Process Statement but isn't in the Process Statement's sensitivity list File: /home/bruno/Documents/Insper/DesComp/Relog-io/relogio.vhd Line: 64
Warning (10492): VHDL Process Statement warning at relogio.vhd(66): signal "flag_z" is read inside the Process Statement but isn't in the Process Statement's sensitivity list File: /home/bruno/Documents/Insper/DesComp/Relog-io/relogio.vhd Line: 66
Warning (10492): VHDL Process Statement warning at relogio.vhd(75): signal "op_ula" is read inside the Process Statement but isn't in the Process Statement's sensitivity list File: /home/bruno/Documents/Insper/DesComp/Relog-io/relogio.vhd Line: 75
Warning (10492): VHDL Process Statement warning at relogio.vhd(83): signal "op_ula" is read inside the Process Statement but isn't in the Process Statement's sensitivity list File: /home/bruno/Documents/Insper/DesComp/Relog-io/relogio.vhd Line: 83
Warning (10492): VHDL Process Statement warning at relogio.vhd(87): signal "out_ROM" is read inside the Process Statement but isn't in the Process Statement's sensitivity list File: /home/bruno/Documents/Insper/DesComp/Relog-io/relogio.vhd Line: 87
Warning (10492): VHDL Process Statement warning at relogio.vhd(88): signal "out_ROM" is read inside the Process Statement but isn't in the Process Statement's sensitivity list File: /home/bruno/Documents/Insper/DesComp/Relog-io/relogio.vhd Line: 88
Warning (10492): VHDL Process Statement warning at relogio.vhd(89): signal "out_ROM" is read inside the Process Statement but isn't in the Process Statement's sensitivity list File: /home/bruno/Documents/Insper/DesComp/Relog-io/relogio.vhd Line: 89
Warning (10492): VHDL Process Statement warning at relogio.vhd(91): signal "mode" is read inside the Process Statement but isn't in the Process Statement's sensitivity list File: /home/bruno/Documents/Insper/DesComp/Relog-io/relogio.vhd Line: 91
Warning (10492): VHDL Process Statement warning at relogio.vhd(93): signal "out_io" is read inside the Process Statement but isn't in the Process Statement's sensitivity list File: /home/bruno/Documents/Insper/DesComp/Relog-io/relogio.vhd Line: 93
Warning (10492): VHDL Process Statement warning at relogio.vhd(95): signal "out_bank" is read inside the Process Statement but isn't in the Process Statement's sensitivity list File: /home/bruno/Documents/Insper/DesComp/Relog-io/relogio.vhd Line: 95
Warning (10492): VHDL Process Statement warning at relogio.vhd(107): signal "out_ROM" is read inside the Process Statement but isn't in the Process Statement's sensitivity list File: /home/bruno/Documents/Insper/DesComp/Relog-io/relogio.vhd Line: 107
Warning (10492): VHDL Process Statement warning at relogio.vhd(108): signal "out_ROM" is read inside the Process Statement but isn't in the Process Statement's sensitivity list File: /home/bruno/Documents/Insper/DesComp/Relog-io/relogio.vhd Line: 108
Warning (10492): VHDL Process Statement warning at relogio.vhd(110): signal "out_subadder" is read inside the Process Statement but isn't in the Process Statement's sensitivity list File: /home/bruno/Documents/Insper/DesComp/Relog-io/relogio.vhd Line: 110
Warning (10492): VHDL Process Statement warning at relogio.vhd(115): signal "flag_z" is read inside the Process Statement but isn't in the Process Statement's sensitivity list File: /home/bruno/Documents/Insper/DesComp/Relog-io/relogio.vhd Line: 115
Warning (10492): VHDL Process Statement warning at relogio.vhd(118): signal "out_ROM" is read inside the Process Statement but isn't in the Process Statement's sensitivity list File: /home/bruno/Documents/Insper/DesComp/Relog-io/relogio.vhd Line: 118
Warning (10492): VHDL Process Statement warning at relogio.vhd(121): signal "flag_z" is read inside the Process Statement but isn't in the Process Statement's sensitivity list File: /home/bruno/Documents/Insper/DesComp/Relog-io/relogio.vhd Line: 121
Warning (10492): VHDL Process Statement warning at relogio.vhd(122): signal "out_ROM" is read inside the Process Statement but isn't in the Process Statement's sensitivity list File: /home/bruno/Documents/Insper/DesComp/Relog-io/relogio.vhd Line: 122
Warning (10492): VHDL Process Statement warning at relogio.vhd(131): signal "out_ROM" is read inside the Process Statement but isn't in the Process Statement's sensitivity list File: /home/bruno/Documents/Insper/DesComp/Relog-io/relogio.vhd Line: 131
Warning (10492): VHDL Process Statement warning at relogio.vhd(132): signal "out_ROM" is read inside the Process Statement but isn't in the Process Statement's sensitivity list File: /home/bruno/Documents/Insper/DesComp/Relog-io/relogio.vhd Line: 132
Warning (10492): VHDL Process Statement warning at relogio.vhd(134): signal "out_ROM" is read inside the Process Statement but isn't in the Process Statement's sensitivity list File: /home/bruno/Documents/Insper/DesComp/Relog-io/relogio.vhd Line: 134
Warning (10492): VHDL Process Statement warning at relogio.vhd(135): signal "out_adder" is read inside the Process Statement but isn't in the Process Statement's sensitivity list File: /home/bruno/Documents/Insper/DesComp/Relog-io/relogio.vhd Line: 135
Warning (10492): VHDL Process Statement warning at relogio.vhd(141): signal "out_ROM" is read inside the Process Statement but isn't in the Process Statement's sensitivity list File: /home/bruno/Documents/Insper/DesComp/Relog-io/relogio.vhd Line: 141
Warning (10492): VHDL Process Statement warning at relogio.vhd(153): signal "reg_address" is read inside the Process Statement but isn't in the Process Statement's sensitivity list File: /home/bruno/Documents/Insper/DesComp/Relog-io/relogio.vhd Line: 153
Warning (10492): VHDL Process Statement warning at relogio.vhd(157): signal "out_bank1" is read inside the Process Statement but isn't in the Process Statement's sensitivity list File: /home/bruno/Documents/Insper/DesComp/Relog-io/relogio.vhd Line: 157
Warning (10492): VHDL Process Statement warning at relogio.vhd(160): signal "out_bank2" is read inside the Process Statement but isn't in the Process Statement's sensitivity list File: /home/bruno/Documents/Insper/DesComp/Relog-io/relogio.vhd Line: 160
Warning (10492): VHDL Process Statement warning at relogio.vhd(163): signal "out_bank3" is read inside the Process Statement but isn't in the Process Statement's sensitivity list File: /home/bruno/Documents/Insper/DesComp/Relog-io/relogio.vhd Line: 163
Warning (10492): VHDL Process Statement warning at relogio.vhd(166): signal "out_bank4" is read inside the Process Statement but isn't in the Process Statement's sensitivity list File: /home/bruno/Documents/Insper/DesComp/Relog-io/relogio.vhd Line: 166
Warning (10492): VHDL Process Statement warning at relogio.vhd(169): signal "out_bank5" is read inside the Process Statement but isn't in the Process Statement's sensitivity list File: /home/bruno/Documents/Insper/DesComp/Relog-io/relogio.vhd Line: 169
Warning (10631): VHDL Process Statement warning at relogio.vhd(58): inferring latch(es) for signal or variable "sel_pc", which holds its previous value in one or more paths through the process File: /home/bruno/Documents/Insper/DesComp/Relog-io/relogio.vhd Line: 58
Warning (10631): VHDL Process Statement warning at relogio.vhd(58): inferring latch(es) for signal or variable "mode", which holds its previous value in one or more paths through the process File: /home/bruno/Documents/Insper/DesComp/Relog-io/relogio.vhd Line: 58
Warning (10631): VHDL Process Statement warning at relogio.vhd(58): inferring latch(es) for signal or variable "reg_address", which holds its previous value in one or more paths through the process File: /home/bruno/Documents/Insper/DesComp/Relog-io/relogio.vhd Line: 58
Warning (10631): VHDL Process Statement warning at relogio.vhd(58): inferring latch(es) for signal or variable "in_bank", which holds its previous value in one or more paths through the process File: /home/bruno/Documents/Insper/DesComp/Relog-io/relogio.vhd Line: 58
Warning (10631): VHDL Process Statement warning at relogio.vhd(58): inferring latch(es) for signal or variable "imediate", which holds its previous value in one or more paths through the process File: /home/bruno/Documents/Insper/DesComp/Relog-io/relogio.vhd Line: 58
Warning (10631): VHDL Process Statement warning at relogio.vhd(58): inferring latch(es) for signal or variable "enable_bank", which holds its previous value in one or more paths through the process File: /home/bruno/Documents/Insper/DesComp/Relog-io/relogio.vhd Line: 58
Warning (10631): VHDL Process Statement warning at relogio.vhd(58): inferring latch(es) for signal or variable "out_bank", which holds its previous value in one or more paths through the process File: /home/bruno/Documents/Insper/DesComp/Relog-io/relogio.vhd Line: 58
Info (10041): Inferred latch for "out_bank[0]" at relogio.vhd(58) File: /home/bruno/Documents/Insper/DesComp/Relog-io/relogio.vhd Line: 58
Info (10041): Inferred latch for "out_bank[1]" at relogio.vhd(58) File: /home/bruno/Documents/Insper/DesComp/Relog-io/relogio.vhd Line: 58
Info (10041): Inferred latch for "out_bank[2]" at relogio.vhd(58) File: /home/bruno/Documents/Insper/DesComp/Relog-io/relogio.vhd Line: 58
Info (10041): Inferred latch for "out_bank[3]" at relogio.vhd(58) File: /home/bruno/Documents/Insper/DesComp/Relog-io/relogio.vhd Line: 58
Info (10041): Inferred latch for "out_bank[4]" at relogio.vhd(58) File: /home/bruno/Documents/Insper/DesComp/Relog-io/relogio.vhd Line: 58
Info (10041): Inferred latch for "out_bank[5]" at relogio.vhd(58) File: /home/bruno/Documents/Insper/DesComp/Relog-io/relogio.vhd Line: 58
Info (10041): Inferred latch for "out_bank[6]" at relogio.vhd(58) File: /home/bruno/Documents/Insper/DesComp/Relog-io/relogio.vhd Line: 58
Info (10041): Inferred latch for "out_bank[7]" at relogio.vhd(58) File: /home/bruno/Documents/Insper/DesComp/Relog-io/relogio.vhd Line: 58
Info (10041): Inferred latch for "out_bank[8]" at relogio.vhd(58) File: /home/bruno/Documents/Insper/DesComp/Relog-io/relogio.vhd Line: 58
Info (10041): Inferred latch for "enable_bank[0]" at relogio.vhd(58) File: /home/bruno/Documents/Insper/DesComp/Relog-io/relogio.vhd Line: 58
Info (10041): Inferred latch for "enable_bank[1]" at relogio.vhd(58) File: /home/bruno/Documents/Insper/DesComp/Relog-io/relogio.vhd Line: 58
Info (10041): Inferred latch for "enable_bank[2]" at relogio.vhd(58) File: /home/bruno/Documents/Insper/DesComp/Relog-io/relogio.vhd Line: 58
Info (10041): Inferred latch for "enable_bank[3]" at relogio.vhd(58) File: /home/bruno/Documents/Insper/DesComp/Relog-io/relogio.vhd Line: 58
Info (10041): Inferred latch for "enable_bank[4]" at relogio.vhd(58) File: /home/bruno/Documents/Insper/DesComp/Relog-io/relogio.vhd Line: 58
Info (10041): Inferred latch for "imediate[0]" at relogio.vhd(58) File: /home/bruno/Documents/Insper/DesComp/Relog-io/relogio.vhd Line: 58
Info (10041): Inferred latch for "imediate[1]" at relogio.vhd(58) File: /home/bruno/Documents/Insper/DesComp/Relog-io/relogio.vhd Line: 58
Info (10041): Inferred latch for "imediate[2]" at relogio.vhd(58) File: /home/bruno/Documents/Insper/DesComp/Relog-io/relogio.vhd Line: 58
Info (10041): Inferred latch for "imediate[3]" at relogio.vhd(58) File: /home/bruno/Documents/Insper/DesComp/Relog-io/relogio.vhd Line: 58
Info (10041): Inferred latch for "imediate[4]" at relogio.vhd(58) File: /home/bruno/Documents/Insper/DesComp/Relog-io/relogio.vhd Line: 58
Info (10041): Inferred latch for "imediate[5]" at relogio.vhd(58) File: /home/bruno/Documents/Insper/DesComp/Relog-io/relogio.vhd Line: 58
Info (10041): Inferred latch for "imediate[6]" at relogio.vhd(58) File: /home/bruno/Documents/Insper/DesComp/Relog-io/relogio.vhd Line: 58
Info (10041): Inferred latch for "imediate[7]" at relogio.vhd(58) File: /home/bruno/Documents/Insper/DesComp/Relog-io/relogio.vhd Line: 58
Info (10041): Inferred latch for "imediate[8]" at relogio.vhd(58) File: /home/bruno/Documents/Insper/DesComp/Relog-io/relogio.vhd Line: 58
Info (10041): Inferred latch for "in_bank[0]" at relogio.vhd(58) File: /home/bruno/Documents/Insper/DesComp/Relog-io/relogio.vhd Line: 58
Info (10041): Inferred latch for "in_bank[1]" at relogio.vhd(58) File: /home/bruno/Documents/Insper/DesComp/Relog-io/relogio.vhd Line: 58
Info (10041): Inferred latch for "in_bank[2]" at relogio.vhd(58) File: /home/bruno/Documents/Insper/DesComp/Relog-io/relogio.vhd Line: 58
Info (10041): Inferred latch for "in_bank[3]" at relogio.vhd(58) File: /home/bruno/Documents/Insper/DesComp/Relog-io/relogio.vhd Line: 58
Info (10041): Inferred latch for "in_bank[4]" at relogio.vhd(58) File: /home/bruno/Documents/Insper/DesComp/Relog-io/relogio.vhd Line: 58
Info (10041): Inferred latch for "in_bank[5]" at relogio.vhd(58) File: /home/bruno/Documents/Insper/DesComp/Relog-io/relogio.vhd Line: 58
Info (10041): Inferred latch for "in_bank[6]" at relogio.vhd(58) File: /home/bruno/Documents/Insper/DesComp/Relog-io/relogio.vhd Line: 58
Info (10041): Inferred latch for "in_bank[7]" at relogio.vhd(58) File: /home/bruno/Documents/Insper/DesComp/Relog-io/relogio.vhd Line: 58
Info (10041): Inferred latch for "in_bank[8]" at relogio.vhd(58) File: /home/bruno/Documents/Insper/DesComp/Relog-io/relogio.vhd Line: 58
Info (10041): Inferred latch for "reg_address[0]" at relogio.vhd(58) File: /home/bruno/Documents/Insper/DesComp/Relog-io/relogio.vhd Line: 58
Info (10041): Inferred latch for "reg_address[1]" at relogio.vhd(58) File: /home/bruno/Documents/Insper/DesComp/Relog-io/relogio.vhd Line: 58
Info (10041): Inferred latch for "reg_address[2]" at relogio.vhd(58) File: /home/bruno/Documents/Insper/DesComp/Relog-io/relogio.vhd Line: 58
Info (10041): Inferred latch for "mode" at relogio.vhd(58) File: /home/bruno/Documents/Insper/DesComp/Relog-io/relogio.vhd Line: 58
Info (10041): Inferred latch for "sel_pc" at relogio.vhd(58) File: /home/bruno/Documents/Insper/DesComp/Relog-io/relogio.vhd Line: 58
Info (12128): Elaborating entity "IO_T" for hierarchy "IO_T:IO_TEST" File: /home/bruno/Documents/Insper/DesComp/Relog-io/relogio.vhd Line: 191
Warning (10541): VHDL Signal Declaration warning at IO_T.vhd(24): used implicit default value for signal "HEX4" because signal was never assigned a value or an explicit default value. Use of implicit default value may introduce unintended design optimizations. File: /home/bruno/Documents/Insper/DesComp/Relog-io/IO_T.vhd Line: 24
Warning (10541): VHDL Signal Declaration warning at IO_T.vhd(24): used implicit default value for signal "HEX5" because signal was never assigned a value or an explicit default value. Use of implicit default value may introduce unintended design optimizations. File: /home/bruno/Documents/Insper/DesComp/Relog-io/IO_T.vhd Line: 24
Warning (10541): VHDL Signal Declaration warning at IO_T.vhd(24): used implicit default value for signal "HEX6" because signal was never assigned a value or an explicit default value. Use of implicit default value may introduce unintended design optimizations. File: /home/bruno/Documents/Insper/DesComp/Relog-io/IO_T.vhd Line: 24
Warning (10541): VHDL Signal Declaration warning at IO_T.vhd(32): used implicit default value for signal "hr" because signal was never assigned a value or an explicit default value. Use of implicit default value may introduce unintended design optimizations. File: /home/bruno/Documents/Insper/DesComp/Relog-io/IO_T.vhd Line: 32
Warning (10541): VHDL Signal Declaration warning at IO_T.vhd(33): used implicit default value for signal "min" because signal was never assigned a value or an explicit default value. Use of implicit default value may introduce unintended design optimizations. File: /home/bruno/Documents/Insper/DesComp/Relog-io/IO_T.vhd Line: 33
Warning (10541): VHDL Signal Declaration warning at IO_T.vhd(33): used implicit default value for signal "min_dec" because signal was never assigned a value or an explicit default value. Use of implicit default value may introduce unintended design optimizations. File: /home/bruno/Documents/Insper/DesComp/Relog-io/IO_T.vhd Line: 33
Warning (10036): Verilog HDL or VHDL warning at IO_T.vhd(35): object "HEXXX" assigned a value but never read File: /home/bruno/Documents/Insper/DesComp/Relog-io/IO_T.vhd Line: 35
Warning (10631): VHDL Process Statement warning at IO_T.vhd(93): inferring latch(es) for signal or variable "result", which holds its previous value in one or more paths through the process File: /home/bruno/Documents/Insper/DesComp/Relog-io/IO_T.vhd Line: 93
Info (10041): Inferred latch for "result[0]" at IO_T.vhd(93) File: /home/bruno/Documents/Insper/DesComp/Relog-io/IO_T.vhd Line: 93
Info (10041): Inferred latch for "result[1]" at IO_T.vhd(93) File: /home/bruno/Documents/Insper/DesComp/Relog-io/IO_T.vhd Line: 93
Info (10041): Inferred latch for "result[2]" at IO_T.vhd(93) File: /home/bruno/Documents/Insper/DesComp/Relog-io/IO_T.vhd Line: 93
Info (10041): Inferred latch for "result[3]" at IO_T.vhd(93) File: /home/bruno/Documents/Insper/DesComp/Relog-io/IO_T.vhd Line: 93
Info (10041): Inferred latch for "result[4]" at IO_T.vhd(93) File: /home/bruno/Documents/Insper/DesComp/Relog-io/IO_T.vhd Line: 93
Info (10041): Inferred latch for "result[5]" at IO_T.vhd(93) File: /home/bruno/Documents/Insper/DesComp/Relog-io/IO_T.vhd Line: 93
Info (10041): Inferred latch for "result[6]" at IO_T.vhd(93) File: /home/bruno/Documents/Insper/DesComp/Relog-io/IO_T.vhd Line: 93
Info (10041): Inferred latch for "result[7]" at IO_T.vhd(93) File: /home/bruno/Documents/Insper/DesComp/Relog-io/IO_T.vhd Line: 93
Info (10041): Inferred latch for "result[8]" at IO_T.vhd(93) File: /home/bruno/Documents/Insper/DesComp/Relog-io/IO_T.vhd Line: 93
Info (12128): Elaborating entity "divisorGenerico" for hierarchy "IO_T:IO_TEST|divisorGenerico:TEMPO_SEG" File: /home/bruno/Documents/Insper/DesComp/Relog-io/IO_T.vhd Line: 42
Info (12128): Elaborating entity "conversorHex7Seg" for hierarchy "IO_T:IO_TEST|conversorHex7Seg:HEX_X" File: /home/bruno/Documents/Insper/DesComp/Relog-io/IO_T.vhd Line: 45
Info (12128): Elaborating entity "MUX" for hierarchy "MUX:MUX_ULA" File: /home/bruno/Documents/Insper/DesComp/Relog-io/relogio.vhd Line: 203
Info (12128): Elaborating entity "memoria" for hierarchy "memoria:ROM" File: /home/bruno/Documents/Insper/DesComp/Relog-io/relogio.vhd Line: 209
Info (12128): Elaborating entity "ADDER" for hierarchy "ADDER:ADDER" File: /home/bruno/Documents/Insper/DesComp/Relog-io/relogio.vhd Line: 216
Info (12128): Elaborating entity "SUBADDER" for hierarchy "SUBADDER:SUBADDER" File: /home/bruno/Documents/Insper/DesComp/Relog-io/relogio.vhd Line: 218
Warning (10631): VHDL Process Statement warning at SUBADDER.vhd(45): inferring latch(es) for signal or variable "sum", which holds its previous value in one or more paths through the process File: /home/bruno/Documents/Insper/DesComp/Relog-io/SUBADDER.vhd Line: 45
Info (10041): Inferred latch for "sum[0]" at SUBADDER.vhd(45) File: /home/bruno/Documents/Insper/DesComp/Relog-io/SUBADDER.vhd Line: 45
Info (10041): Inferred latch for "sum[1]" at SUBADDER.vhd(45) File: /home/bruno/Documents/Insper/DesComp/Relog-io/SUBADDER.vhd Line: 45
Info (10041): Inferred latch for "sum[2]" at SUBADDER.vhd(45) File: /home/bruno/Documents/Insper/DesComp/Relog-io/SUBADDER.vhd Line: 45
Info (10041): Inferred latch for "sum[3]" at SUBADDER.vhd(45) File: /home/bruno/Documents/Insper/DesComp/Relog-io/SUBADDER.vhd Line: 45
Info (10041): Inferred latch for "sum[4]" at SUBADDER.vhd(45) File: /home/bruno/Documents/Insper/DesComp/Relog-io/SUBADDER.vhd Line: 45
Info (10041): Inferred latch for "sum[5]" at SUBADDER.vhd(45) File: /home/bruno/Documents/Insper/DesComp/Relog-io/SUBADDER.vhd Line: 45
Info (10041): Inferred latch for "sum[6]" at SUBADDER.vhd(45) File: /home/bruno/Documents/Insper/DesComp/Relog-io/SUBADDER.vhd Line: 45
Info (10041): Inferred latch for "sum[7]" at SUBADDER.vhd(45) File: /home/bruno/Documents/Insper/DesComp/Relog-io/SUBADDER.vhd Line: 45
Info (10041): Inferred latch for "sum[8]" at SUBADDER.vhd(45) File: /home/bruno/Documents/Insper/DesComp/Relog-io/SUBADDER.vhd Line: 45
Info (12128): Elaborating entity "registradorGenerico" for hierarchy "registradorGenerico:REG_SEG" File: /home/bruno/Documents/Insper/DesComp/Relog-io/relogio.vhd Line: 225
Warning (13024): Output pins are stuck at VCC or GND
    Warning (13410): Pin "fpga_led_pio[0]" is stuck at GND File: /home/bruno/Documents/Insper/DesComp/Relog-io/relogio.vhd Line: 20
    Warning (13410): Pin "fpga_led_pio[1]" is stuck at GND File: /home/bruno/Documents/Insper/DesComp/Relog-io/relogio.vhd Line: 20
    Warning (13410): Pin "fpga_led_pio[2]" is stuck at GND File: /home/bruno/Documents/Insper/DesComp/Relog-io/relogio.vhd Line: 20
    Warning (13410): Pin "fpga_led_pio[3]" is stuck at GND File: /home/bruno/Documents/Insper/DesComp/Relog-io/relogio.vhd Line: 20
    Warning (13410): Pin "fpga_led_pio[4]" is stuck at GND File: /home/bruno/Documents/Insper/DesComp/Relog-io/relogio.vhd Line: 20
    Warning (13410): Pin "fpga_led_pio[5]" is stuck at GND File: /home/bruno/Documents/Insper/DesComp/Relog-io/relogio.vhd Line: 20
    Warning (13410): Pin "fpga_led_pio[6]" is stuck at GND File: /home/bruno/Documents/Insper/DesComp/Relog-io/relogio.vhd Line: 20
    Warning (13410): Pin "led" is stuck at GND File: /home/bruno/Documents/Insper/DesComp/Relog-io/relogio.vhd Line: 21
    Warning (13410): Pin "LEDR[0]" is stuck at GND File: /home/bruno/Documents/Insper/DesComp/Relog-io/relogio.vhd Line: 30
    Warning (13410): Pin "LEDR[1]" is stuck at GND File: /home/bruno/Documents/Insper/DesComp/Relog-io/relogio.vhd Line: 30
    Warning (13410): Pin "LEDR[2]" is stuck at GND File: /home/bruno/Documents/Insper/DesComp/Relog-io/relogio.vhd Line: 30
    Warning (13410): Pin "LEDR[3]" is stuck at GND File: /home/bruno/Documents/Insper/DesComp/Relog-io/relogio.vhd Line: 30
    Warning (13410): Pin "LEDR[4]" is stuck at GND File: /home/bruno/Documents/Insper/DesComp/Relog-io/relogio.vhd Line: 30
    Warning (13410): Pin "LEDR[5]" is stuck at GND File: /home/bruno/Documents/Insper/DesComp/Relog-io/relogio.vhd Line: 30
    Warning (13410): Pin "LEDR[6]" is stuck at GND File: /home/bruno/Documents/Insper/DesComp/Relog-io/relogio.vhd Line: 30
    Warning (13410): Pin "LEDR[7]" is stuck at GND File: /home/bruno/Documents/Insper/DesComp/Relog-io/relogio.vhd Line: 30
    Warning (13410): Pin "LEDR[8]" is stuck at GND File: /home/bruno/Documents/Insper/DesComp/Relog-io/relogio.vhd Line: 30
    Warning (13410): Pin "LEDR[9]" is stuck at GND File: /home/bruno/Documents/Insper/DesComp/Relog-io/relogio.vhd Line: 30
    Warning (13410): Pin "LEDR[10]" is stuck at GND File: /home/bruno/Documents/Insper/DesComp/Relog-io/relogio.vhd Line: 30
    Warning (13410): Pin "LEDR[11]" is stuck at GND File: /home/bruno/Documents/Insper/DesComp/Relog-io/relogio.vhd Line: 30
    Warning (13410): Pin "LEDR[12]" is stuck at GND File: /home/bruno/Documents/Insper/DesComp/Relog-io/relogio.vhd Line: 30
    Warning (13410): Pin "LEDR[13]" is stuck at GND File: /home/bruno/Documents/Insper/DesComp/Relog-io/relogio.vhd Line: 30
    Warning (13410): Pin "LEDR[14]" is stuck at GND File: /home/bruno/Documents/Insper/DesComp/Relog-io/relogio.vhd Line: 30
    Warning (13410): Pin "LEDR[15]" is stuck at GND File: /home/bruno/Documents/Insper/DesComp/Relog-io/relogio.vhd Line: 30
    Warning (13410): Pin "LEDR[16]" is stuck at GND File: /home/bruno/Documents/Insper/DesComp/Relog-io/relogio.vhd Line: 30
    Warning (13410): Pin "LEDR[17]" is stuck at GND File: /home/bruno/Documents/Insper/DesComp/Relog-io/relogio.vhd Line: 30
    Warning (13410): Pin "LEDG[0]" is stuck at GND File: /home/bruno/Documents/Insper/DesComp/Relog-io/relogio.vhd Line: 31
    Warning (13410): Pin "LEDG[1]" is stuck at GND File: /home/bruno/Documents/Insper/DesComp/Relog-io/relogio.vhd Line: 31
    Warning (13410): Pin "LEDG[2]" is stuck at GND File: /home/bruno/Documents/Insper/DesComp/Relog-io/relogio.vhd Line: 31
    Warning (13410): Pin "LEDG[3]" is stuck at GND File: /home/bruno/Documents/Insper/DesComp/Relog-io/relogio.vhd Line: 31
    Warning (13410): Pin "LEDG[4]" is stuck at GND File: /home/bruno/Documents/Insper/DesComp/Relog-io/relogio.vhd Line: 31
    Warning (13410): Pin "LEDG[5]" is stuck at GND File: /home/bruno/Documents/Insper/DesComp/Relog-io/relogio.vhd Line: 31
    Warning (13410): Pin "LEDG[6]" is stuck at GND File: /home/bruno/Documents/Insper/DesComp/Relog-io/relogio.vhd Line: 31
    Warning (13410): Pin "LEDG[7]" is stuck at GND File: /home/bruno/Documents/Insper/DesComp/Relog-io/relogio.vhd Line: 31
    Warning (13410): Pin "HEX0[0]" is stuck at GND File: /home/bruno/Documents/Insper/DesComp/Relog-io/relogio.vhd Line: 33
    Warning (13410): Pin "HEX0[1]" is stuck at GND File: /home/bruno/Documents/Insper/DesComp/Relog-io/relogio.vhd Line: 33
    Warning (13410): Pin "HEX0[2]" is stuck at GND File: /home/bruno/Documents/Insper/DesComp/Relog-io/relogio.vhd Line: 33
    Warning (13410): Pin "HEX0[3]" is stuck at GND File: /home/bruno/Documents/Insper/DesComp/Relog-io/relogio.vhd Line: 33
    Warning (13410): Pin "HEX0[4]" is stuck at GND File: /home/bruno/Documents/Insper/DesComp/Relog-io/relogio.vhd Line: 33
    Warning (13410): Pin "HEX0[5]" is stuck at GND File: /home/bruno/Documents/Insper/DesComp/Relog-io/relogio.vhd Line: 33
    Warning (13410): Pin "HEX0[6]" is stuck at GND File: /home/bruno/Documents/Insper/DesComp/Relog-io/relogio.vhd Line: 33
    Warning (13410): Pin "HEX1[0]" is stuck at GND File: /home/bruno/Documents/Insper/DesComp/Relog-io/relogio.vhd Line: 33
    Warning (13410): Pin "HEX1[1]" is stuck at GND File: /home/bruno/Documents/Insper/DesComp/Relog-io/relogio.vhd Line: 33
    Warning (13410): Pin "HEX1[2]" is stuck at GND File: /home/bruno/Documents/Insper/DesComp/Relog-io/relogio.vhd Line: 33
    Warning (13410): Pin "HEX1[3]" is stuck at GND File: /home/bruno/Documents/Insper/DesComp/Relog-io/relogio.vhd Line: 33
    Warning (13410): Pin "HEX1[4]" is stuck at GND File: /home/bruno/Documents/Insper/DesComp/Relog-io/relogio.vhd Line: 33
    Warning (13410): Pin "HEX1[5]" is stuck at GND File: /home/bruno/Documents/Insper/DesComp/Relog-io/relogio.vhd Line: 33
    Warning (13410): Pin "HEX1[6]" is stuck at GND File: /home/bruno/Documents/Insper/DesComp/Relog-io/relogio.vhd Line: 33
    Warning (13410): Pin "HEX2[0]" is stuck at GND File: /home/bruno/Documents/Insper/DesComp/Relog-io/relogio.vhd Line: 33
    Warning (13410): Pin "HEX2[1]" is stuck at GND File: /home/bruno/Documents/Insper/DesComp/Relog-io/relogio.vhd Line: 33
    Warning (13410): Pin "HEX2[2]" is stuck at GND File: /home/bruno/Documents/Insper/DesComp/Relog-io/relogio.vhd Line: 33
    Warning (13410): Pin "HEX2[3]" is stuck at GND File: /home/bruno/Documents/Insper/DesComp/Relog-io/relogio.vhd Line: 33
    Warning (13410): Pin "HEX2[4]" is stuck at GND File: /home/bruno/Documents/Insper/DesComp/Relog-io/relogio.vhd Line: 33
    Warning (13410): Pin "HEX2[5]" is stuck at GND File: /home/bruno/Documents/Insper/DesComp/Relog-io/relogio.vhd Line: 33
    Warning (13410): Pin "HEX2[6]" is stuck at GND File: /home/bruno/Documents/Insper/DesComp/Relog-io/relogio.vhd Line: 33
    Warning (13410): Pin "HEX3[0]" is stuck at GND File: /home/bruno/Documents/Insper/DesComp/Relog-io/relogio.vhd Line: 33
    Warning (13410): Pin "HEX3[1]" is stuck at GND File: /home/bruno/Documents/Insper/DesComp/Relog-io/relogio.vhd Line: 33
    Warning (13410): Pin "HEX3[2]" is stuck at GND File: /home/bruno/Documents/Insper/DesComp/Relog-io/relogio.vhd Line: 33
    Warning (13410): Pin "HEX3[3]" is stuck at GND File: /home/bruno/Documents/Insper/DesComp/Relog-io/relogio.vhd Line: 33
    Warning (13410): Pin "HEX3[4]" is stuck at GND File: /home/bruno/Documents/Insper/DesComp/Relog-io/relogio.vhd Line: 33
    Warning (13410): Pin "HEX3[5]" is stuck at GND File: /home/bruno/Documents/Insper/DesComp/Relog-io/relogio.vhd Line: 33
    Warning (13410): Pin "HEX3[6]" is stuck at GND File: /home/bruno/Documents/Insper/DesComp/Relog-io/relogio.vhd Line: 33
    Warning (13410): Pin "HEX4[0]" is stuck at GND File: /home/bruno/Documents/Insper/DesComp/Relog-io/relogio.vhd Line: 33
    Warning (13410): Pin "HEX4[1]" is stuck at GND File: /home/bruno/Documents/Insper/DesComp/Relog-io/relogio.vhd Line: 33
    Warning (13410): Pin "HEX4[2]" is stuck at GND File: /home/bruno/Documents/Insper/DesComp/Relog-io/relogio.vhd Line: 33
    Warning (13410): Pin "HEX4[3]" is stuck at GND File: /home/bruno/Documents/Insper/DesComp/Relog-io/relogio.vhd Line: 33
    Warning (13410): Pin "HEX4[4]" is stuck at GND File: /home/bruno/Documents/Insper/DesComp/Relog-io/relogio.vhd Line: 33
    Warning (13410): Pin "HEX4[5]" is stuck at GND File: /home/bruno/Documents/Insper/DesComp/Relog-io/relogio.vhd Line: 33
    Warning (13410): Pin "HEX4[6]" is stuck at GND File: /home/bruno/Documents/Insper/DesComp/Relog-io/relogio.vhd Line: 33
    Warning (13410): Pin "HEX5[0]" is stuck at GND File: /home/bruno/Documents/Insper/DesComp/Relog-io/relogio.vhd Line: 33
    Warning (13410): Pin "HEX5[1]" is stuck at GND File: /home/bruno/Documents/Insper/DesComp/Relog-io/relogio.vhd Line: 33
    Warning (13410): Pin "HEX5[2]" is stuck at GND File: /home/bruno/Documents/Insper/DesComp/Relog-io/relogio.vhd Line: 33
    Warning (13410): Pin "HEX5[3]" is stuck at GND File: /home/bruno/Documents/Insper/DesComp/Relog-io/relogio.vhd Line: 33
    Warning (13410): Pin "HEX5[4]" is stuck at GND File: /home/bruno/Documents/Insper/DesComp/Relog-io/relogio.vhd Line: 33
    Warning (13410): Pin "HEX5[5]" is stuck at GND File: /home/bruno/Documents/Insper/DesComp/Relog-io/relogio.vhd Line: 33
    Warning (13410): Pin "HEX5[6]" is stuck at GND File: /home/bruno/Documents/Insper/DesComp/Relog-io/relogio.vhd Line: 33
    Warning (13410): Pin "HEX6[0]" is stuck at GND File: /home/bruno/Documents/Insper/DesComp/Relog-io/relogio.vhd Line: 33
    Warning (13410): Pin "HEX6[1]" is stuck at GND File: /home/bruno/Documents/Insper/DesComp/Relog-io/relogio.vhd Line: 33
    Warning (13410): Pin "HEX6[2]" is stuck at GND File: /home/bruno/Documents/Insper/DesComp/Relog-io/relogio.vhd Line: 33
    Warning (13410): Pin "HEX6[3]" is stuck at GND File: /home/bruno/Documents/Insper/DesComp/Relog-io/relogio.vhd Line: 33
    Warning (13410): Pin "HEX6[4]" is stuck at GND File: /home/bruno/Documents/Insper/DesComp/Relog-io/relogio.vhd Line: 33
    Warning (13410): Pin "HEX6[5]" is stuck at GND File: /home/bruno/Documents/Insper/DesComp/Relog-io/relogio.vhd Line: 33
    Warning (13410): Pin "HEX6[6]" is stuck at GND File: /home/bruno/Documents/Insper/DesComp/Relog-io/relogio.vhd Line: 33
    Warning (13410): Pin "HEX7[0]" is stuck at GND File: /home/bruno/Documents/Insper/DesComp/Relog-io/relogio.vhd Line: 33
    Warning (13410): Pin "HEX7[1]" is stuck at GND File: /home/bruno/Documents/Insper/DesComp/Relog-io/relogio.vhd Line: 33
    Warning (13410): Pin "HEX7[2]" is stuck at GND File: /home/bruno/Documents/Insper/DesComp/Relog-io/relogio.vhd Line: 33
    Warning (13410): Pin "HEX7[3]" is stuck at VCC File: /home/bruno/Documents/Insper/DesComp/Relog-io/relogio.vhd Line: 33
    Warning (13410): Pin "HEX7[4]" is stuck at VCC File: /home/bruno/Documents/Insper/DesComp/Relog-io/relogio.vhd Line: 33
    Warning (13410): Pin "HEX7[5]" is stuck at GND File: /home/bruno/Documents/Insper/DesComp/Relog-io/relogio.vhd Line: 33
    Warning (13410): Pin "HEX7[6]" is stuck at GND File: /home/bruno/Documents/Insper/DesComp/Relog-io/relogio.vhd Line: 33
Info (16010): Generating hard_block partition "hard_block:auto_generated_inst"
    Info (16011): Adding 0 node(s), including 0 DDIO, 0 PLL, 0 transceiver and 0 LCELL
Warning (21074): Design contains 30 input pin(s) that do not drive logic
    Warning (15610): No output dependent on input pin "reset" File: /home/bruno/Documents/Insper/DesComp/Relog-io/relogio.vhd Line: 18
    Warning (15610): No output dependent on input pin "sw_controll[0]" File: /home/bruno/Documents/Insper/DesComp/Relog-io/relogio.vhd Line: 19
    Warning (15610): No output dependent on input pin "sw_controll[1]" File: /home/bruno/Documents/Insper/DesComp/Relog-io/relogio.vhd Line: 19
    Warning (15610): No output dependent on input pin "sw_controll[2]" File: /home/bruno/Documents/Insper/DesComp/Relog-io/relogio.vhd Line: 19
    Warning (15610): No output dependent on input pin "sw_controll[3]" File: /home/bruno/Documents/Insper/DesComp/Relog-io/relogio.vhd Line: 19
    Warning (15610): No output dependent on input pin "sw_controll[4]" File: /home/bruno/Documents/Insper/DesComp/Relog-io/relogio.vhd Line: 19
    Warning (15610): No output dependent on input pin "sw_controll[5]" File: /home/bruno/Documents/Insper/DesComp/Relog-io/relogio.vhd Line: 19
    Warning (15610): No output dependent on input pin "CLK" File: /home/bruno/Documents/Insper/DesComp/Relog-io/relogio.vhd Line: 23
    Warning (15610): No output dependent on input pin "KEY[0]" File: /home/bruno/Documents/Insper/DesComp/Relog-io/relogio.vhd Line: 25
    Warning (15610): No output dependent on input pin "KEY[1]" File: /home/bruno/Documents/Insper/DesComp/Relog-io/relogio.vhd Line: 25
    Warning (15610): No output dependent on input pin "KEY[2]" File: /home/bruno/Documents/Insper/DesComp/Relog-io/relogio.vhd Line: 25
    Warning (15610): No output dependent on input pin "KEY[3]" File: /home/bruno/Documents/Insper/DesComp/Relog-io/relogio.vhd Line: 25
    Warning (15610): No output dependent on input pin "SW[0]" File: /home/bruno/Documents/Insper/DesComp/Relog-io/relogio.vhd Line: 27
    Warning (15610): No output dependent on input pin "SW[1]" File: /home/bruno/Documents/Insper/DesComp/Relog-io/relogio.vhd Line: 27
    Warning (15610): No output dependent on input pin "SW[2]" File: /home/bruno/Documents/Insper/DesComp/Relog-io/relogio.vhd Line: 27
    Warning (15610): No output dependent on input pin "SW[3]" File: /home/bruno/Documents/Insper/DesComp/Relog-io/relogio.vhd Line: 27
    Warning (15610): No output dependent on input pin "SW[4]" File: /home/bruno/Documents/Insper/DesComp/Relog-io/relogio.vhd Line: 27
    Warning (15610): No output dependent on input pin "SW[5]" File: /home/bruno/Documents/Insper/DesComp/Relog-io/relogio.vhd Line: 27
    Warning (15610): No output dependent on input pin "SW[6]" File: /home/bruno/Documents/Insper/DesComp/Relog-io/relogio.vhd Line: 27
    Warning (15610): No output dependent on input pin "SW[7]" File: /home/bruno/Documents/Insper/DesComp/Relog-io/relogio.vhd Line: 27
    Warning (15610): No output dependent on input pin "SW[8]" File: /home/bruno/Documents/Insper/DesComp/Relog-io/relogio.vhd Line: 27
    Warning (15610): No output dependent on input pin "SW[9]" File: /home/bruno/Documents/Insper/DesComp/Relog-io/relogio.vhd Line: 27
    Warning (15610): No output dependent on input pin "SW[10]" File: /home/bruno/Documents/Insper/DesComp/Relog-io/relogio.vhd Line: 27
    Warning (15610): No output dependent on input pin "SW[11]" File: /home/bruno/Documents/Insper/DesComp/Relog-io/relogio.vhd Line: 27
    Warning (15610): No output dependent on input pin "SW[12]" File: /home/bruno/Documents/Insper/DesComp/Relog-io/relogio.vhd Line: 27
    Warning (15610): No output dependent on input pin "SW[13]" File: /home/bruno/Documents/Insper/DesComp/Relog-io/relogio.vhd Line: 27
    Warning (15610): No output dependent on input pin "SW[14]" File: /home/bruno/Documents/Insper/DesComp/Relog-io/relogio.vhd Line: 27
    Warning (15610): No output dependent on input pin "SW[15]" File: /home/bruno/Documents/Insper/DesComp/Relog-io/relogio.vhd Line: 27
    Warning (15610): No output dependent on input pin "SW[16]" File: /home/bruno/Documents/Insper/DesComp/Relog-io/relogio.vhd Line: 27
    Warning (15610): No output dependent on input pin "SW[17]" File: /home/bruno/Documents/Insper/DesComp/Relog-io/relogio.vhd Line: 27
Info (21057): Implemented 120 device resources after synthesis - the final resource count might be different
    Info (21058): Implemented 30 input pins
    Info (21059): Implemented 90 output pins
Info: Quartus Prime Analysis & Synthesis was successful. 0 errors, 181 warnings
    Info: Peak virtual memory: 931 megabytes
    Info: Processing ended: Mon Oct  7 22:49:43 2019
    Info: Elapsed time: 00:00:09
    Info: Total CPU time (on all processors): 00:00:21


